  Determining projects to restore...
C:\Users\user\Desktop\C++\Master\Master.Application\Master.Application.csproj : warning NU1903: Package 'AutoMapper' 12.0.0 has a known high severity vulnerability, https://github.com/advisories/GHSA-rvv3-g6hj-g44x [C:\Users\user\Desktop\C++\Master\Master.sln]
C:\Users\user\Desktop\C++\Master\Master.Infrastructure\Master.Infrastructure.csproj : warning NU1903: Package 'AutoMapper' 12.0.0 has a known high severity vulnerability, https://github.com/advisories/GHSA-rvv3-g6hj-g44x [C:\Users\user\Desktop\C++\Master\Master.sln]
  All projects are up-to-date for restore.
C:\Users\user\Desktop\C++\Master\Master.Application\Master.Application.csproj : warning NU1903: Package 'AutoMapper' 12.0.0 has a known high severity vulnerability, https://github.com/advisories/GHSA-rvv3-g6hj-g44x
C:\Users\user\Desktop\C++\Master\Master.Infrastructure\Master.Infrastructure.csproj : warning NU1903: Package 'AutoMapper' 12.0.0 has a known high severity vulnerability, https://github.com/advisories/GHSA-rvv3-g6hj-g44x
  Master.Domain -> C:\Users\user\Desktop\C++\Master\Master.Domain\bin\Debug\net8.0\Master.Domain.dll
  Master.Application -> C:\Users\user\Desktop\C++\Master\Master.Application\bin\Debug\net8.0\Master.Application.dll
  Master.UnitTests -> C:\Users\user\Desktop\C++\Master\Master.UnitTests\bin\Debug\net8.0\Master.UnitTests.dll
C:\Users\user\Desktop\C++\Master\Master.Infrastructure\Repositories\SkillRepository.cs(78,46): warning CS8613: Nullability of reference types in return type of 'Task<IEnumerable<AppUser?>> SkillRepository.GetMastersBySkillAsync(Guid skillId, CancellationToken ct)' doesn't match implicitly implemented member 'Task<IEnumerable<AppUser>> ISkillRepository.GetMastersBySkillAsync(Guid skillId, CancellationToken ct)'. [C:\Users\user\Desktop\C++\Master\Master.Infrastructure\Master.Infrastructure.csproj]
C:\Users\user\Desktop\C++\Master\Master.Infrastructure\Repositories\SkillRepository.cs(88,44): warning CS8613: Nullability of reference types in return type of 'Task<IEnumerable<Skill?>> SkillRepository.GetSkillsByUserIdAsync(Guid userId, CancellationToken ct)' doesn't match implicitly implemented member 'Task<IEnumerable<Skill>> ISkillRepository.GetSkillsByUserIdAsync(Guid userId, CancellationToken ct)'. [C:\Users\user\Desktop\C++\Master\Master.Infrastructure\Master.Infrastructure.csproj]
C:\Users\user\Desktop\C++\Master\Master.Infrastructure\Repositories\JobPostRepository.cs(39,50): warning CS8073: The result of the expression is always 'true' since a value of type 'Guid' is never equal to 'null' of type 'Guid?' [C:\Users\user\Desktop\C++\Master\Master.Infrastructure\Master.Infrastructure.csproj]
C:\Users\user\Desktop\C++\Master\Master.Infrastructure\Repositories\JobPostRepository.cs(112,17): warning CS8602: Dereference of a possibly null reference. [C:\Users\user\Desktop\C++\Master\Master.Infrastructure\Master.Infrastructure.csproj]
C:\Users\user\Desktop\C++\Master\Master.Infrastructure\Repositories\JobPostRepository.cs(112,17): warning CS8602: Dereference of a possibly null reference. [C:\Users\user\Desktop\C++\Master\Master.Infrastructure\Master.Infrastructure.csproj]
  Master.Infrastructure -> C:\Users\user\Desktop\C++\Master\Master.Infrastructure\bin\Debug\net8.0\Master.Infrastructure.dll
  Master.API -> C:\Users\user\Desktop\C++\Master\Master.API\bin\Debug\net8.0\Master.API.dll

Build succeeded.

C:\Users\user\Desktop\C++\Master\Master.Application\Master.Application.csproj : warning NU1903: Package 'AutoMapper' 12.0.0 has a known high severity vulnerability, https://github.com/advisories/GHSA-rvv3-g6hj-g44x [C:\Users\user\Desktop\C++\Master\Master.sln]
C:\Users\user\Desktop\C++\Master\Master.Infrastructure\Master.Infrastructure.csproj : warning NU1903: Package 'AutoMapper' 12.0.0 has a known high severity vulnerability, https://github.com/advisories/GHSA-rvv3-g6hj-g44x [C:\Users\user\Desktop\C++\Master\Master.sln]
C:\Users\user\Desktop\C++\Master\Master.Application\Master.Application.csproj : warning NU1903: Package 'AutoMapper' 12.0.0 has a known high severity vulnerability, https://github.com/advisories/GHSA-rvv3-g6hj-g44x
C:\Users\user\Desktop\C++\Master\Master.Infrastructure\Master.Infrastructure.csproj : warning NU1903: Package 'AutoMapper' 12.0.0 has a known high severity vulnerability, https://github.com/advisories/GHSA-rvv3-g6hj-g44x
C:\Users\user\Desktop\C++\Master\Master.Infrastructure\Repositories\SkillRepository.cs(78,46): warning CS8613: Nullability of reference types in return type of 'Task<IEnumerable<AppUser?>> SkillRepository.GetMastersBySkillAsync(Guid skillId, CancellationToken ct)' doesn't match implicitly implemented member 'Task<IEnumerable<AppUser>> ISkillRepository.GetMastersBySkillAsync(Guid skillId, CancellationToken ct)'. [C:\Users\user\Desktop\C++\Master\Master.Infrastructure\Master.Infrastructure.csproj]
C:\Users\user\Desktop\C++\Master\Master.Infrastructure\Repositories\SkillRepository.cs(88,44): warning CS8613: Nullability of reference types in return type of 'Task<IEnumerable<Skill?>> SkillRepository.GetSkillsByUserIdAsync(Guid userId, CancellationToken ct)' doesn't match implicitly implemented member 'Task<IEnumerable<Skill>> ISkillRepository.GetSkillsByUserIdAsync(Guid userId, CancellationToken ct)'. [C:\Users\user\Desktop\C++\Master\Master.Infrastructure\Master.Infrastructure.csproj]
C:\Users\user\Desktop\C++\Master\Master.Infrastructure\Repositories\JobPostRepository.cs(39,50): warning CS8073: The result of the expression is always 'true' since a value of type 'Guid' is never equal to 'null' of type 'Guid?' [C:\Users\user\Desktop\C++\Master\Master.Infrastructure\Master.Infrastructure.csproj]
C:\Users\user\Desktop\C++\Master\Master.Infrastructure\Repositories\JobPostRepository.cs(112,17): warning CS8602: Dereference of a possibly null reference. [C:\Users\user\Desktop\C++\Master\Master.Infrastructure\Master.Infrastructure.csproj]
C:\Users\user\Desktop\C++\Master\Master.Infrastructure\Repositories\JobPostRepository.cs(112,17): warning CS8602: Dereference of a possibly null reference. [C:\Users\user\Desktop\C++\Master\Master.Infrastructure\Master.Infrastructure.csproj]
    9 Warning(s)
    0 Error(s)

Time Elapsed 00:00:05.40
